"drug";"gene";"t.value"
"AM-580";"DDR1";0.92916227829299
"aminoglutethimide";"DDR1";0.0593437428752532
"AM-580";"FAU";-0.746077116168974
"aminoglutethimide";"FAU";-0.380276080388593
