"drug";"gene";"t.value"
"AM-251";"DDR1";-0.538108161638693
"AM-404";"DDR1";-0.64486562738753
"AM-580";"DDR1";1.25058335038835
"aminoglutethimide";"DDR1";-1.00361863803633
"aminopurvalanol-a";"DDR1";1.02772609730918
"AM-251";"FAU";-1.03375440972996
"AM-404";"FAU";-0.327086424317723
"AM-580";"FAU";-1.10777029789472
"aminoglutethimide";"FAU";-0.89546923768572
"aminopurvalanol-a";"FAU";-1.28584256310984
